To honour the JVM settings for this build a single-use Daemon process will be forked. For more on this, please refer to https://docs.gradle.org/9.3.1/userguide/gradle_daemon.html#sec:disabling_the_daemon in the Gradle documentation.
Daemon will be stopped at the end of the build 
.\gradlew.bat : 
At line:1 char:117
+ ... droid Studio\jbr"; .\gradlew.bat clean build --no-daemon 2>&1 | Tee-O ...
+                        ~~~~~~~~~~~~~~~~~~~~~~~~~~~~~~~~~~~~~~~~~~
    + CategoryInfo          : NotSpecified: (:String) [], RemoteException
    + FullyQualifiedErrorId : NativeCommandError
 
FAILURE: Build failed with an exception.

* Where:
Build file 'C:\Users\asus\AndroidStudioProjects\MoneyMinder\app\build.gradle.kts' line: 1

* What went wrong:
An exception occurred applying plugin request [id: 'org.jetbrains.kotlin.android', version: '2.2.10']
> Failed to apply plugin 'org.jetbrains.kotlin.android'.
   > Cannot add extension with name 'kotlin', as there is an extension already registered with that name.

* Try:
> Run with --stacktrace option to get the stack trace.
> Run with --info or --debug option to get more log output.
> Run with --scan to get full insights from a Build Scan (powered by Develocity).
> Get more help at https://help.gradle.org.

BUILD FAILED in 19s
